
============================================================
ЁЯзк SUW CRM PRODUCTION READINESS TEST
============================================================

ЁЯУб SERVER CONNECTION
  тЬЕ Server is running

ЁЯФС AUTHENTICATION
  тЬЕ Login page loads
  тЬЕ Admin login

ЁЯСе SUBSCRIBERS MODULE
  тЬЕ Subscribers page loads
  тЬЕ Has Kredit column
  тЬЕ Has subscriber data
  тЬЕ Subscriber search works
  тЭМ Create subscriber - TRACEBACK DETECTED!

ЁЯУж ORDERS MODULE
  тЬЕ Orders page loads
  тЬЕ Has valid columns
  тЬЕ Create Credit order (Gap bilen/Dine suw)
  тЭМ Debt increased after credit order
  тЬЕ Create Free order
  тЬЕ Free order has Mugt badge

ЁЯТ░ PAYMENTS
  тЬЕ Add payment

тЪЩя╕П ADMIN PANEL
  тЬЕ Users page loads
  тЬЕ Prices page loads
  тЬЕ Logs page loads

ЁЯТ│ CREDIT FEATURE
  тЬЕ Credit displayed in subscribers
  тЬЕ Credit values rendered

ЁЯФЧ API ENDPOINTS
  тЬЕ Subscriber JSON API
  тЭМ JSON contains debt field

ЁЯФТ SECURITY
  тЬЕ Routes protected after logout
  тЬЕ Admin routes protected

============================================================
ЁЯУК TEST SUMMARY
============================================================

тЬЕ Passed: 21
тЭМ Failed: 3
ЁЯУИ Success Rate: 87.5%

тЪая╕П ERRORS FOUND:
  тАв Create subscriber: Server returned traceback/error

============================================================
ЁЯЪА PRODUCTION READINESS ASSESSMENT
============================================================

тЪая╕П ISSUES FOUND - FIX BEFORE PRODUCTION

3 test(s) failed. See errors above.
Please fix all issues before deploying to production.

