
============================================================
python : Traceback (m
ost recent call last)
:
строка:1 знак:1
+ python test_product
ion.py > test_output.
txt 2>&1
+ ~~~~~~~~~~~~~~~~~~~
~~~~~~~~~~~~~~~~~~~~~
~~~~~~~~
    + CategoryInfo   
           : NotSpe  
  cified: (Traceba   
 ck (most recent     
call last)::Stri    n
g) [], RemoteEx    ce
ption
    + FullyQualified 
   ErrorId : Native  
  CommandError
 
  File "C:\Users\Wind
ows 11 Pro\Desktop\do
vlet\test_production.
py", line 246, in <mo
dule>
    success = tester.
run_all()
  File "C:\Users\Wind
ows 11 Pro\Desktop\do
vlet\test_production.
py", line 54, in run_
all
    print("\U0001f9ea
 SUW CRM PRODUCTION R
EADINESS TEST")
    ~~~~~^^^^^^^^^^^^
^^^^^^^^^^^^^^^^^^^^^
^^^^^^^
  File "C:\Users\Wind
ows 11 Pro\AppData\Lo
cal\Programs\Python\P
ython313\Lib\encoding
s\cp1251.py", line 19
, in encode
    return codecs.cha
rmap_encode(input,sel
f.errors,encoding_tab
le)[0]
           ~~~~~~~~~~
~~~~~~~~~~~^^^^^^^^^^
^^^^^^^^^^^^^^^^^^^^^
^^^
UnicodeEncodeError: '
charmap' codec can't 
encode character '\U0
001f9ea' in position 
0: character maps to 
<undefined>
